--------------------------------------------------------------------------------------
Timing Analyzer Summary
--------------------------------------------------------------------------------------

Type           : Worst-case tsu
Slack          : N/A
Required Time  : None
Actual Time    : 5.681 ns
From           : LD
To             : counter-2:inst|inst
From Clock     : --
To Clock       : CK
Failed Paths   : 0

Type           : Worst-case tco
Slack          : N/A
Required Time  : None
Actual Time    : 8.870 ns
From           : counter-2:inst1|inst1
To             : Q4
From Clock     : CK
To Clock       : --
Failed Paths   : 0

Type           : Worst-case th
Slack          : N/A
Required Time  : None
Actual Time    : 0.617 ns
From           : D5
To             : counter-2:inst1|inst
From Clock     : --
To Clock       : CK
Failed Paths   : 0

Type           : Clock Setup: 'CK'
Slack          : N/A
Required Time  : None
Actual Time    : Restricted to 340.02 MHz ( period = 2.941 ns )
From           : counter-2:inst3|inst
To             : counter-2:inst|inst1
From Clock     : CK
To Clock       : CK
Failed Paths   : 0

Type           : Total number of failed paths
Slack          : 
Required Time  : 
Actual Time    : 
From           : 
To             : 
From Clock     : 
To Clock       : 
Failed Paths   : 0

--------------------------------------------------------------------------------------

